
> atlas@1.0.0 test
> vitest run


[1m[46m RUN [49m[22m [36mv4.1.3 [39m[90mF:/sistema_padaria_tio_irineu[39m

 [31mÔØ»[39m src/renderer/src/App.test.jsx [2m([22m[2m4 tests[22m[2m | [22m[31m3 failed[39m[2m)[22m[33m 4984[2mms[22m[39m
     [33m[2mÔ£ô[22m[39m deve renderizar a tela inicial com abas [33m 386[2mms[22m[39m
[31m     [31m├ù[31m deve calcular a Margem de Lucro dinamicamente no cadastro[39m[33m 1581[2mms[22m[39m
[31m     [31m├ù[31m deve permitir adicionar itens adicionais no carrinho[39m[33m 1117[2mms[22m[39m
[31m     [31m├ù[31m deve chamar o backend ao confirmar Fornada[39m[33m 1894[2mms[22m[39m
node.exe : 
No C:\Program Files\nodejs\npm.ps1:29 caractere:3
+   & $NODE_EXE $NPM_CLI_JS $args
+   ~~~~~~~~~~~~~~~~~~~~~~~~~~~~~
    + CategoryInfo          : NotSpecified: (:String) [], RemoteException
    + FullyQualifiedErrorId : NativeCommandError
 
[31mÔÄ»ÔÄ»ÔÄ»ÔÄ»ÔÄ»ÔÄ»ÔÄ»[39m[1m[41m Failed Tests 3 [49m[22m[31mÔÄ»ÔÄ»ÔÄ»ÔÄ»ÔÄ»ÔÄ»ÔÄ»[39m

[41m[1m FAIL [22m[49m src/renderer/src/App.test.jsx[2m > [22mPadaria Tio Irineu - App Principal[2m > [22mdeve 
calcular a Margem de Lucro dinamicamente no cadastro
[31m[1mTestingLibraryElementError[22m[39m: Unable to find an element with the placeholder text of: Ex: 10.00

Ignored nodes: comments, script, style
[36m<body>[39m
  [36m<div>[39m
    [36m<div[39m
      [33mclass[39m=[32m"atlas-root "[39m
      [33mstyle[39m=[32m""[39m
    [36m>[39m
      [36m<aside[39m
        [33mclass[39m=[32m"atlas-sidebar "[39m
      [36m>[39m
        [36m<div[39m
          [33mclass[39m=[32m"atlas-logo"[39m
        [36m>[39m
          [36m<div[39m
            [33mclass[39m=[32m"atlas-logo-dot"[39m
          [36m/>[39m
          [0m ATLAS[0m
        [36m</div>[39m
        [36m<nav[39m
          [33mclass[39m=[32m"nav-menu"[39m
        [36m>[39m
          [36m<button[39m
            [33mclass[39m=[32m"nav-item "[39m
          [36m>[39m
            [36m<svg[39m
              [33mfill[39m=[32m"none"[39m
              [33mheight[39m=[32m"18"[39m
              [33mstroke[39m=[32m"currentColor"[39m
              [33mstroke-width[39m=[32m"2"[39m
              [33mviewBox[39m=[32m"0 0 24 24"[39m
              [33mwidth[39m=[32m"18"[39m
            [36m>[39m
              [36m<circle[39m
                [33mcx[39m=[32m"9"[39m
                [33mcy[39m=[32m"21"[39m
                [33mr[39m=[32m"1"[39m
              [36m/>[39m
              [36m<circle[39m
                [33mcx[39m=[32m"20"[39m
                [33mcy[39m=[32m"21"[39m
                [33mr[39m=[32m"1"[39m
              [36m/>[39m
              [36m<path[39m
                [33md[39m=[32m"M1 1h4l2.68 13.39a2 2 0 0 0 2 1.61h9.72a2 2 0 0 0 2-1.61L23 6H6"[39m
              [36m/>[39m
            [36m</svg>[39m
            [0m [0m
            [0mFrente de Caixa[0m
          [36m</button>[39m
          [36m<button[39m
            [33mclass[39m=[32m"nav-item ativo"[39m
          [36m>[39m
            [36m<svg[39m
              [33mfill[39m=[32m"none"[39m
              [33mheight[39m=[32m"18"[39m
              [33mstroke[39m=[32m"currentColor"[39m
              [33mstroke-width[39m=[32m"2"[39m
              [33mviewBox[39m=[32m"0 0 24 24"[39m
              [33mwidth[39m=[32m"18"[39m
            [36m>[39m
              [36m<path[39m
                [33md[39m=[32m"M21 16V8a2 2 0 0 0-1-1.73l-7-4a2 2 0 0 0-2 0l-7 4A2 2 0 0 0 3 8v8a2 2 0 0 0 1 1.73l7 
4a2 2 0 0 0 2 0l7-4A2 2 0 0 0 21 16z"[39m
              [36m/>[39m
            [36m</svg>[39m
            [0m [0m
            [0mEstoque Produtos[0m
          [36m</button>[39m
          [36m<button[39m
            [33mclass[39m=[32m"nav-item "[39m
          [36m>[39m
            [36m<svg[39m
              [33mfill[39m=[32m"none"[39m
              [33mheight[39m=[32m"18"[39m
              [33mstroke[39m=[32m"currentColor"[39m
              [33mstroke-linecap[39m=[32m"round"[39m
              [33mstroke-linejoin[39m=[32m"round"[39m
              [33mstroke-width[39m=[32m"2"[39m
              [33mviewBox[39m=[32m"0 0 24 24"[39m
              [33mwidth[39m=[32m"18"[39m
            [36m>[39m
              [36m<circle[39m
                [33mcx[39m=[32m"6"[39m
                [33mcy[39m=[32m"6"[39m
                [33mr[39m=[32m"3"[39m
              [36m/>[39m
              [36m<circle[39m
                [33mcx[39m=[32m"6"[39m
                [33mcy[39m=[32m"18"[39m
                [33mr[39m=[32m"3"[39m
              [36m/>[39m
              [36m<line[39m
                [33mx1[39m=[32m"20"[39m
                [33mx2[39m=[32m"8.12"[39m
                [33my1[39m=[32m"4"[39m
                [33my2[39m=[32m"15.88"[39m
              [36m/>[39m
              [36m<line[39m
                [33mx1[39m=[32m"14.47"[39m
                [33mx2[39m=[32m"20"[39m
                [33my1[39m=[32m"14.48"[39m
                [33my2[39m=[32m"20"[39m
              [36m/>[39m
              [36m<line[39m
                [33mx1[39m=[32m"8.12"[39m
                [33mx2[39m=[32m"12"[39m
                [33my1[39m=[32m"8.12"[39m
                [33my2[39m=[32m"12"[39m
              [36m/>[39m
            [36m</svg>[39m
            [0m [0m
            [0mIngredientes / Receitas[0m
          [36m</button>[39m
          [36m<button[39m
            [33mclass[39m=[32m"nav-item "[39m
          [36m>[39m
            [36m<svg[39m
              [33mfill[39m=[32m"none"[39m
              [33mheight[39m=[32m"18"[39m
              [33mstroke[39m=[32m"currentColor"[39m
              [33mstroke-width[39m=[32m"2"[39m
              [33mviewBox[39m=[32m"0 0 24 24"[39m
              [33mwidth[39m=[32m"18"[39m
            [36m>[39m
              [36m<path[39m
                [33md[39m=[32m"M17 21v-2a4 4 0 0 0-4-4H5a4 4 0 0 0-4 4v2"[39m
              [36m/>[39m
              [36m<circle[39m
                [33mcx[39m=[32m"9"[39m
                [33mcy[39m=[32m"7"[39m
                [33mr[39m=[32m"4"[39m
              [36m/>[39m
            [36m</svg>[39m
            [0m [0m
            [0mClientes (CRM)[0m
          [36m</button>[39m
          [36m<button[39m
            [33mclass[39m=[32m"nav-item "[39m
          [36m>[39m
            [36m<svg[39m
              [33mfill[39m=[32m"none"[39m
              [33mheight[39m=[32m"18"[39m
              [33mstroke[39m=[32m"currentColor"[39m
              [33mstroke-width[39m=[32m"2"[39m
              [33mviewBox[39m=[32m"0 0 24 24"[39m
              [33mwidth[39m=[32m"18"[39m
            [36m>[39m
              [36m<rect[39m
                [33mheight[39m=[32m"14"[39m
                [33mrx[39m=[32m"2"[39m
                [33mwidth[39m=[32m"20"[39m
                [33mx[39m=[32m"2"[39m
                [33my[39m=[32m"5"[39m
              [36m/>[39m
              [36m<path[39m
                [33md[39m=[32m"M2 10h20"[39m
              [36m/>[39m
            [36m</svg>[39m
            [0m [0m
            [0mFinanceiro[0m
          [36m</button>[39m
          [36m<button[39m
            [33mclass[39m=[32m"nav-item "[39m
          [36m>[39m
            [36m<svg[39m
              [33mfill[39m=[32m"none"[39m
              [33mheight[39m=[32m"18"[39m
              [33mstroke[39m=[32m"currentColor"[39m
              [33mstroke-width[39m=[32m"2"[39m
              [33mviewBox[39m=[32m"0 0 24 24"[39m
              [33mwidth[39m=[32m"18"[39m
            [36m>[39m
              [36m<path[39m
                [33md[39m=[32m"M14 2H6a2 2 0 0 0-2 2v16a2 2 0 0 0 2 2h12a2 2 0 0 0 2-2V8z"[39m
              [36m/>[39m
              [36m<polyline[39m
                [33mpoints[39m=[32m"14 2 14 8 20 8"[39m
              [36m/>[39m
              [36m<line[39m
                [33mx1[39m=[32m"16"[39m
                [33mx2[39m=[32m"8"[39m
                [33my1[39m=[32m"13"[39m
                [33my2[3...

Ignored nodes: comments, script, style
[36m<body>[39m
  [36m<div>[39m
    [36m<div[39m
      [33mclass[39m=[32m"atlas-root "[39m
      [33mstyle[39m=[32m""[39m
    [36m>[39m
      [36m<aside[39m
        [33mclass[39m=[32m"atlas-sidebar "[39m
      [36m>[39m
        [36m<div[39m
          [33mclass[39m=[32m"atlas-logo"[39m
        [36m>[39m
          [36m<div[39m
            [33mclass[39m=[32m"atlas-logo-dot"[39m
          [36m/>[39m
          [0m ATLAS[0m
        [36m</div>[39m
        [36m<nav[39m
          [33mclass[39m=[32m"nav-menu"[39m
        [36m>[39m
          [36m<button[39m
            [33mclass[39m=[32m"nav-item "[39m
          [36m>[39m
            [36m<svg[39m
              [33mfill[39m=[32m"none"[39m
              [33mheight[39m=[32m"18"[39m
              [33mstroke[39m=[32m"currentColor"[39m
              [33mstroke-width[39m=[32m"2"[39m
              [33mviewBox[39m=[32m"0 0 24 24"[39m
              [33mwidth[39m=[32m"18"[39m
            [36m>[39m
              [36m<circle[39m
                [33mcx[39m=[32m"9"[39m
                [33mcy[39m=[32m"21"[39m
                [33mr[39m=[32m"1"[39m
              [36m/>[39m
              [36m<circle[39m
                [33mcx[39m=[32m"20"[39m
                [33mcy[39m=[32m"21"[39m
                [33mr[39m=[32m"1"[39m
              [36m/>[39m
              [36m<path[39m
                [33md[39m=[32m"M1 1h4l2.68 13.39a2 2 0 0 0 2 1.61h9.72a2 2 0 0 0 2-1.61L23 6H6"[39m
              [36m/>[39m
            [36m</svg>[39m
            [0m [0m
            [0mFrente de Caixa[0m
          [36m</button>[39m
          [36m<button[39m
            [33mclass[39m=[32m"nav-item ativo"[39m
          [36m>[39m
            [36m<svg[39m
              [33mfill[39m=[32m"none"[39m
              [33mheight[39m=[32m"18"[39m
              [33mstroke[39m=[32m"currentColor"[39m
              [33mstroke-width[39m=[32m"2"[39m
              [33mviewBox[39m=[32m"0 0 24 24"[39m
              [33mwidth[39m=[32m"18"[39m
            [36m>[39m
              [36m<path[39m
                [33md[39m=[32m"M21 16V8a2 2 0 0 0-1-1.73l-7-4a2 2 0 0 0-2 0l-7 4A2 2 0 0 0 3 8v8a2 2 0 0 0 1 1.73l7 
4a2 2 0 0 0 2 0l7-4A2 2 0 0 0 21 16z"[39m
              [36m/>[39m
            [36m</svg>[39m
            [0m [0m
            [0mEstoque Produtos[0m
          [36m</button>[39m
          [36m<button[39m
            [33mclass[39m=[32m"nav-item "[39m
          [36m>[39m
            [36m<svg[39m
              [33mfill[39m=[32m"none"[39m
              [33mheight[39m=[32m"18"[39m
              [33mstroke[39m=[32m"currentColor"[39m
              [33mstroke-linecap[39m=[32m"round"[39m
              [33mstroke-linejoin[39m=[32m"round"[39m
              [33mstroke-width[39m=[32m"2"[39m
              [33mviewBox[39m=[32m"0 0 24 24"[39m
              [33mwidth[39m=[32m"18"[39m
            [36m>[39m
              [36m<circle[39m
                [33mcx[39m=[32m"6"[39m
                [33mcy[39m=[32m"6"[39m
                [33mr[39m=[32m"3"[39m
              [36m/>[39m
              [36m<circle[39m
                [33mcx[39m=[32m"6"[39m
                [33mcy[39m=[32m"18"[39m
                [33mr[39m=[32m"3"[39m
              [36m/>[39m
              [36m<line[39m
                [33mx1[39m=[32m"20"[39m
                [33mx2[39m=[32m"8.12"[39m
                [33my1[39m=[32m"4"[39m
                [33my2[39m=[32m"15.88"[39m
              [36m/>[39m
              [36m<line[39m
                [33mx1[39m=[32m"14.47"[39m
                [33mx2[39m=[32m"20"[39m
                [33my1[39m=[32m"14.48"[39m
                [33my2[39m=[32m"20"[39m
              [36m/>[39m
              [36m<line[39m
                [33mx1[39m=[32m"8.12"[39m
                [33mx2[39m=[32m"12"[39m
                [33my1[39m=[32m"8.12"[39m
                [33my2[39m=[32m"12"[39m
              [36m/>[39m
            [36m</svg>[39m
            [0m [0m
            [0mIngredientes / Receitas[0m
          [36m</button>[39m
          [36m<button[39m
            [33mclass[39m=[32m"nav-item "[39m
          [36m>[39m
            [36m<svg[39m
              [33mfill[39m=[32m"none"[39m
              [33mheight[39m=[32m"18"[39m
              [33mstroke[39m=[32m"currentColor"[39m
              [33mstroke-width[39m=[32m"2"[39m
              [33mviewBox[39m=[32m"0 0 24 24"[39m
              [33mwidth[39m=[32m"18"[39m
            [36m>[39m
              [36m<path[39m
                [33md[39m=[32m"M17 21v-2a4 4 0 0 0-4-4H5a4 4 0 0 0-4 4v2"[39m
              [36m/>[39m
              [36m<circle[39m
                [33mcx[39m=[32m"9"[39m
                [33mcy[39m=[32m"7"[39m
                [33mr[39m=[32m"4"[39m
              [36m/>[39m
            [36m</svg>[39m
            [0m [0m
            [0mClientes (CRM)[0m
          [36m</button>[39m
          [36m<button[39m
            [33mclass[39m=[32m"nav-item "[39m
          [36m>[39m
            [36m<svg[39m
              [33mfill[39m=[32m"none"[39m
              [33mheight[39m=[32m"18"[39m
              [33mstroke[39m=[32m"currentColor"[39m
              [33mstroke-width[39m=[32m"2"[39m
              [33mviewBox[39m=[32m"0 0 24 24"[39m
              [33mwidth[39m=[32m"18"[39m
            [36m>[39m
              [36m<rect[39m
                [33mheight[39m=[32m"14"[39m
                [33mrx[39m=[32m"2"[39m
                [33mwidth[39m=[32m"20"[39m
                [33mx[39m=[32m"2"[39m
                [33my[39m=[32m"5"[39m
              [36m/>[39m
              [36m<path[39m
                [33md[39m=[32m"M2 10h20"[39m
              [36m/>[39m
            [36m</svg>[39m
            [0m [0m
            [0mFinanceiro[0m
          [36m</button>[39m
          [36m<button[39m
            [33mclass[39m=[32m"nav-item "[39m
          [36m>[39m
            [36m<svg[39m
              [33mfill[39m=[32m"none"[39m
              [33mheight[39m=[32m"18"[39m
              [33mstroke[39m=[32m"currentColor"[39m
              [33mstroke-width[39m=[32m"2"[39m
              [33mviewBox[39m=[32m"0 0 24 24"[39m
              [33mwidth[39m=[32m"18"[39m
            [36m>[39m
              [36m<path[39m
                [33md[39m=[32m"M14 2H6a2 2 0 0 0-2 2v16a2 2 0 0 0 2 2h12a2 2 0 0 0 2-2V8z"[39m
              [36m/>[39m
              [36m<polyline[39m
                [33mpoints[39m=[32m"14 2 14 8 20 8"[39m
              [36m/>[39m
              [36m<line[39m
                [33mx1[39m=[32m"16"[39m
                [33mx2[39m=[32m"8"[39m
                [33my1[39m=[32m"13"[39m
                [33my2[3...
[90m [2mÔØ»[22m waitForWrapper node_modules/@testing-library/dom/dist/wait-for.js:[2m163:27[22m[39m
[90m [2mÔØ»[22m node_modules/@testing-library/dom/dist/query-helpers.js:[2m86:33[22m[39m
[36m [2mÔØ»[22m src/renderer/src/App.test.jsx:[2m25:37[22m[39m
    [90m 23|[39m
    [90m 24|[39m     [90m// Preencher Custo (10) e Margem (50)[39m
    [90m 25|[39m     [35mconst[39m custoInput [33m=[39m [35mawait[39m 
screen[33m.[39m[34mfindByPlaceholderText[39m([32m'Ex: 10.00'[39m)
    [90m   |[39m                                     [31m^[39m
    [90m 26|[39m     [35mconst[39m margemInput [33m=[39m [35mawait[39m 
screen[33m.[39m[34mfindByPlaceholderText[39m([32m'Ex: 50'[39m)
    [90m 27|[39m

[31m[2mÔÄ»ÔÄ»ÔÄ»ÔÄ»ÔÄ»ÔÄ»ÔÄ»ÔÄ»ÔÄ»ÔÄ»ÔÄ»ÔÄ»ÔÄ»ÔÄ»ÔÄ»ÔÄ»ÔÄ»ÔÄ»ÔÄ»ÔÄ»ÔÄ»ÔÄ»ÔÄ»ÔÄ»[1/3]ÔÄ»[22m[39m

[41m[1m FAIL [22m[49m src/renderer/src/App.test.jsx[2m > [22mPadaria Tio Irineu - App Principal[2m > [22mdeve 
permitir adicionar itens adicionais no carrinho
[31m[1mTestingLibraryElementError[22m[39m: Unable to find an element with the text: /P├úo com Ovo/i. This could be 
because the text is broken up by multiple elements. In this case, you can provide a function for your text matcher to 
make your matcher more flexible.

Ignored nodes: comments, script, style
[36m<body>[39m
  [36m<div>[39m
    [36m<div[39m
      [33mclass[39m=[32m"atlas-root "[39m
      [33mstyle[39m=[32m""[39m
    [36m>[39m
      [36m<aside[39m
        [33mclass[39m=[32m"atlas-sidebar "[39m
      [36m>[39m
        [36m<div[39m
          [33mclass[39m=[32m"atlas-logo"[39m
        [36m>[39m
          [36m<div[39m
            [33mclass[39m=[32m"atlas-logo-dot"[39m
          [36m/>[39m
          [0m ATLAS[0m
        [36m</div>[39m
        [36m<nav[39m
          [33mclass[39m=[32m"nav-menu"[39m
        [36m>[39m
          [36m<button[39m
            [33mclass[39m=[32m"nav-item ativo"[39m
          [36m>[39m
            [36m<svg[39m
              [33mfill[39m=[32m"none"[39m
              [33mheight[39m=[32m"18"[39m
              [33mstroke[39m=[32m"currentColor"[39m
              [33mstroke-width[39m=[32m"2"[39m
              [33mviewBox[39m=[32m"0 0 24 24"[39m
              [33mwidth[39m=[32m"18"[39m
            [36m>[39m
              [36m<circle[39m
                [33mcx[39m=[32m"9"[39m
                [33mcy[39m=[32m"21"[39m
                [33mr[39m=[32m"1"[39m
              [36m/>[39m
              [36m<circle[39m
                [33mcx[39m=[32m"20"[39m
                [33mcy[39m=[32m"21"[39m
                [33mr[39m=[32m"1"[39m
              [36m/>[39m
              [36m<path[39m
                [33md[39m=[32m"M1 1h4l2.68 13.39a2 2 0 0 0 2 1.61h9.72a2 2 0 0 0 2-1.61L23 6H6"[39m
              [36m/>[39m
            [36m</svg>[39m
            [0m [0m
            [0mFrente de Caixa[0m
          [36m</button>[39m
          [36m<button[39m
            [33mclass[39m=[32m"nav-item "[39m
          [36m>[39m
            [36m<svg[39m
              [33mfill[39m=[32m"none"[39m
              [33mheight[39m=[32m"18"[39m
              [33mstroke[39m=[32m"currentColor"[39m
              [33mstroke-width[39m=[32m"2"[39m
              [33mviewBox[39m=[32m"0 0 24 24"[39m
              [33mwidth[39m=[32m"18"[39m
            [36m>[39m
              [36m<path[39m
                [33md[39m=[32m"M21 16V8a2 2 0 0 0-1-1.73l-7-4a2 2 0 0 0-2 0l-7 4A2 2 0 0 0 3 8v8a2 2 0 0 0 1 1.73l7 
4a2 2 0 0 0 2 0l7-4A2 2 0 0 0 21 16z"[39m
              [36m/>[39m
            [36m</svg>[39m
            [0m [0m
            [0mEstoque Produtos[0m
          [36m</button>[39m
          [36m<button[39m
            [33mclass[39m=[32m"nav-item "[39m
          [36m>[39m
            [36m<svg[39m
              [33mfill[39m=[32m"none"[39m
              [33mheight[39m=[32m"18"[39m
              [33mstroke[39m=[32m"currentColor"[39m
              [33mstroke-linecap[39m=[32m"round"[39m
              [33mstroke-linejoin[39m=[32m"round"[39m
              [33mstroke-width[39m=[32m"2"[39m
              [33mviewBox[39m=[32m"0 0 24 24"[39m
              [33mwidth[39m=[32m"18"[39m
            [36m>[39m
              [36m<circle[39m
                [33mcx[39m=[32m"6"[39m
                [33mcy[39m=[32m"6"[39m
                [33mr[39m=[32m"3"[39m
              [36m/>[39m
              [36m<circle[39m
                [33mcx[39m=[32m"6"[39m
                [33mcy[39m=[32m"18"[39m
                [33mr[39m=[32m"3"[39m
              [36m/>[39m
              [36m<line[39m
                [33mx1[39m=[32m"20"[39m
                [33mx2[39m=[32m"8.12"[39m
                [33my1[39m=[32m"4"[39m
                [33my2[39m=[32m"15.88"[39m
              [36m/>[39m
              [36m<line[39m
                [33mx1[39m=[32m"14.47"[39m
                [33mx2[39m=[32m"20"[39m
                [33my1[39m=[32m"14.48"[39m
                [33my2[39m=[32m"20"[39m
              [36m/>[39m
              [36m<line[39m
                [33mx1[39m=[32m"8.12"[39m
                [33mx2[39m=[32m"12"[39m
                [33my1[39m=[32m"8.12"[39m
                [33my2[39m=[32m"12"[39m
              [36m/>[39m
            [36m</svg>[39m
            [0m [0m
            [0mIngredientes / Receitas[0m
          [36m</button>[39m
          [36m<button[39m
            [33mclass[39m=[32m"nav-item "[39m
          [36m>[39m
            [36m<svg[39m
              [33mfill[39m=[32m"none"[39m
              [33mheight[39m=[32m"18"[39m
              [33mstroke[39m=[32m"currentColor"[39m
              [33mstroke-width[39m=[32m"2"[39m
              [33mviewBox[39m=[32m"0 0 24 24"[39m
              [33mwidth[39m=[32m"18"[39m
            [36m>[39m
              [36m<path[39m
                [33md[39m=[32m"M17 21v-2a4 4 0 0 0-4-4H5a4 4 0 0 0-4 4v2"[39m
              [36m/>[39m
              [36m<circle[39m
                [33mcx[39m=[32m"9"[39m
                [33mcy[39m=[32m"7"[39m
                [33mr[39m=[32m"4"[39m
              [36m/>[39m
            [36m</svg>[39m
            [0m [0m
            [0mClientes (CRM)[0m
          [36m</button>[39m
          [36m<button[39m
            [33mclass[39m=[32m"nav-item "[39m
          [36m>[39m
            [36m<svg[39m
              [33mfill[39m=[32m"none"[39m
              [33mheight[39m=[32m"18"[39m
              [33mstroke[39m=[32m"currentColor"[39m
              [33mstroke-width[39m=[32m"2"[39m
              [33mviewBox[39m=[32m"0 0 24 24"[39m
              [33mwidth[39m=[32m"18"[39m
            [36m>[39m
              [36m<rect[39m
                [33mheight[39m=[32m"14"[39m
                [33mrx[39m=[32m"2"[39m
                [33mwidth[39m=[32m"20"[39m
                [33mx[39m=[32m"2"[39m
                [33my[39m=[32m"5"[39m
              [36m/>[39m
              [36m<path[39m
                [33md[39m=[32m"M2 10h20"[39m
              [36m/>[39m
            [36m</svg>[39m
            [0m [0m
            [0mFinanceiro[0m
          [36m</button>[39m
          [36m<button[39m
            [33mclass[39m=[32m"nav-item "[39m
          [36m>[39m
            [36m<svg[39m
              [33mfill[39m=[32m"none"[39m
              [33mheight[39m=[32m"18"[39m
              [33mstroke[39m=[32m"currentColor"[39m
              [33mstroke-width[39m=[32m"2"[39m
              [33mviewBox[39m=[32m"0 0 24 24"[39m
              [33mwidth[39m=[32m"18"[39m
            [36m>[39m
              [36m<path[39m
                [33md[39m=[32m"M14 2H6a2 2 0 0 0-2 2v16a2 2 0 0 0 2 2h12a2 2 0 0 0 2-2V8z"[39m
              [36m/>[39m
              [36m<polyline[39m
                [33mpoints[39m=[32m"14 2 14 8 20 8"[39m
              [36m/>[39m
              [36m<line[39m
                [33mx1[39m=[32m"16"[39m
                [33mx2[39m=[32m"8"[39m
                [33my1[39m=[32m"13"[39m
                [33my2[39m=[32m"13"[39m
              [36m/>[39m
              [36m<line[39m
                [33mx1[39m=[32m"16"[39m
                [33mx2[39m=[32m"8"[39m
                [33my1[39m=[32m"17"[39m
                [33my2[39m=[32m"17"[39m
              [36m/>[39m
              [36m<polyline[39m
                [33mpoints[39m=[32m"10 9 9 9 8 9"[39m
              [36m/>[39m
            [36m</svg>[39m
            [0m [0m
            [0mContratos (Mensalistas)[0m
          [36m</button>[39m
          [36m<button[39m
            [33mclass[39m=[32m"nav-item "[39m
          [36m>[39m
            [36m<svg[39m
              [33mfill[39m=[32m"none"[39m
              [33mheight[39m=[32m"18"[39m
              [33mstroke[39m=[32m"currentColor"[39m
              [33mstroke-width[39m=[32m"2"[39m
              [33mviewBox[39m=[32m"0 0 24 24"[39m
              [33mwidth[39m=[32m"18"[39m
            [36m>[39m
              [36m<path[39m
                [33md[39m=[32m"M14 2H6a2 2 0 0 0-2 2v16a2 2 0 0 0 2 2h12a2 2 0 0 0 2-2V8z"[39m
              [36m/>[39m
              [36m<polyline[39m
                [33mpoints[39m=[32m"14 2 14 8 20 8"[39m
              [36m/>[39m
              [36m<line[39m
                [33mx1[39m=[32m"16"[39m
                [33mx2[39m=[32m"8"[39m
                [33my1[39m=[32m"13"[39m
                [33my2[39m=[32m"13"[39m
              [36m/>[39m
              [36m<line[39m
                [33mx1[39m=[32m"16"[39m
                [33mx2[39m=[32m"8"[39m
                [33my1[39m=[32m"17"[39m
                [33my2[39m=[32m"17"[39m
              [36m/>[39m
              [36m<polyline[39m
                [33mpoints[39m=[32m"10 9 9 9 8 9"[39m
              [36m/>[39m
            [36m</svg>[39m
            [0m [0m
            [0mComandas / Mesas[0m
          [36m</button>[39m
          [36m<button[39m
            [33mclass[39m=[32m"nav-item "[39m
          [36m>[39m
            [36m<svg[39m
              [33mfill[39m=[32m"none"[39m
              [33mheight[39m=[32m"14"[39m
              [33mstroke[39m=[32m"currentColor"[39m
              [33mstroke-width[39m=[32m"2"[39m
              [33mviewBox[39m=[32m"0 0 24 24"[39m
              [33mwidth[39m=[32m"14"[39m
            [36m>[39m
              [36m<circle[39m
                [33mcx[39m=[32m"12"[39m
                [33mcy[39m=[32m"12"[39m
                [33mr[39m=[32m"10"[39m
              [36m/>[39m
              [36m<polyline[39m
                [33mpoints[39m=[32m"12 6 12 12 16 14"[39m
              [36m/>[39m
            [36m</svg>[39m
            [0m [0m
            [0mEncomendas de Bolos[0m
          [36m</button>[39m
          [36m<button[39m
            [33mclass[39m=[32m"nav-item "[39m
          [36m>[39m
            [36m<svg[39m
              [33mfill[39m=[32m"none"[39m
              [33mheight[39m=[32m"18"[39m
              [33mstroke[39m=[32m"currentColor"[39m
              [33mstroke-width[39m=[32m"2"[39m
              [33mviewBox[39m=[32m"0 0 24 24"[39m
              [33mwidth[39m=[32m"18"[39m
            [36m>[39m
              [36m<line[39m
                [33mx1[39m=[32m"18"[39m
                [33mx2[39m=[32m"18"[39m
                [33my1[39m=[32m"20"[39m
                [33my2[39m=[32m"10"[39m
              [36m/>[39m
              [36m<line[39m
                [33mx1[39m=[32m"12"[39m
                [33mx2[39m=[32m"12"[39m
                [33my1[39m=[32m"20"[39m
                [33my2[39m=[32m"4"[39m
              [36m/>[39m
              [36m<line[39m
                [33mx1[39m=[32m"6"[39m
                [33mx2[39m=[32m"6"[39m
                [33my1[39m=[32m"20"[39m
                [33my2[39m=[32m"14"[39m
              [36m/>[39m
            [36m</svg>[39m
            [0m [0m
            [0mRelat├│rios (BI)[0m
          [36m</button>[39m
          [36m<button[39m
            [33mclass[39m=[32m"nav-item "[39m
          [36m>[39m
            [36m<svg[39m
              [33mfill[39m=[32m"none"[39m
              [33mheight[39m=[32m"18"[39m
              [33mstroke[39m=[32m"currentColor"[39m
              [33mstroke-width[39m=[32m"2"[39m
              [33mviewBox[39m=[32m"0 0 24 24"[39m
              [33mwidth[39m=[32m"18"[39m
            [36m>[39m
              [36m<circle[39m
                [33mcx[39m=[32m"12"[39m
                [33mcy[39m=[32m"12"[39m
                [33mr[39m=[32m"3"[39m
              [36m/>[39m
              [36m<path[39m
                [33md[39m=[32m"M19.4 15a1.65 1.65 0 0 0 .33 1.82l.06.06a2 2 0 0 1 0 2.83 2 2 0 0 1-2.83 
0l-.06-.06a1.65 1.65 0 0 0-1.82-.33 1.65 1.65 0 0 0-1 1.51V21a2 2 0 0 1-2 2 2 2 0 0 1-2-2v-.09A1.65 1.65 0 0 0 9 
19.4a1.65 1.65 0 0 0-1.82.33l-.06.06a2 2 0 0 1-2.83 0 2 2 0 0 1 0-2.83l.06-.06a1.65 1.65 0 0 0 .33-1.82 1.65 1.65 0 0 
0-1.51-1H3a2 2 0 0 1-2-2 2 2 0 0 1 2-2h.09A1.65 1.65 0 0 0 4.6 9a1.65 1.65 0 0 0-.33-1.82l-.06-.06a2 2 0 0 1 0-2.83 2 
2 0 0 1 2.83 0l.06.06a1.65 1.65 0 0 0 1.82.33H9a1.65 1.65 0 0 0 1-1.51V3a2 2 0 0 1 2-2 2 2 0 0 1 2 2v.09a1.65 1.65 0 0 
0 1 1.51 1.65 1.65 0 0 0 1.82-.33l.06-.06a2 2 0 0 1 2.83 0 2 2 0 0 1 0 2.83l-.06.06a1.65 1.65 0 0 0-.33 1.82V9a1.65 
1.65 0 0 0 1.51 1H21a2 2 0 0 1 2 2 2 2 0 0 1-2 2h-.09a1.65 1.65 0 0 0-1.51 1z"[39m
              [36m/>[39m
            [36m</svg>[39m
            [0m [0m
            [0mConfigura├º├Áes[0m
          [36m</button>[39m
        [36m</nav>[39m
      [36m</aside>[39m
      [36m<main[39m
        [33mclass[39m=[32m"atlas-main"[39m
      [36m>[39m
        [36m<header[39m
          [33mclass[39m=[32m"topbar"[39m
        [36m>[39m
          [36m<div[39m
            [33mstyle[39m=[32m"display: flex; gap: 10px;"[39m
          [36m>[39m
            [36m<button[39m
              [33mclass[39m=[32m"topbar-btn"[39m
              [33mtitle[39m=[32m"Menu"[39m
            [36m>[39m
              [36m<svg[39m
                [33mfill[39m=[32m"none"[39m
                [33mheight[39m=[32m"20"[39m
                [33mstroke[39m=[32m"currentColor"[39m
                [33mstroke-linecap[39m=[32m"round"[39m
                [33mstroke-linejoin[39m=[32m"round"[39m
                [33mstroke-width[39m=[32m"2"[39m
                [33mviewBox[39m=[32m"0 0 24 24"[39m
                [33mwidth[39m=[32m"20"[39m
              [36m>[39m
                [36m<line[39m
                  [33mx1[39m=[32m"3"[39m
                  [33mx2[39m=[32m"21"[39m
                  [33my1[39m=[32m"12"[39m
                  [33my2[39m=[32m"12"[39m
                [36m/>[39m
                [36m<line[39m
                  [33mx1[39m=[32m"3"[39m
                  [33mx2[39m=[32m"21"[39m
                  [33my1[39m=[32m"6"[39m
                  [33my2[39m=[32m"6"[39m
                [36m/>[39m
                [36m<line[39m
                  [33mx1[39m=[32m"3"[39m
                  [33mx2[39m=[32m"21"[39m
                  [33my1[39m=[32m"18"[39m
                  [33my2[39m=[32m"18"[39m
                [36m/>[39m
              [36m</svg>[39m
            [36m</button>[39m
            [36m<button[39m
              [33mclass[39m=[32m"topbar-btn"[39m
              [33mtitle[39m=[32m"Mudar para tema claro"[39m
            [36m>[39m
              [36m<svg[39m
                [33mfill[39m=[32m"none"[39m
                [33mheight[39m=[32m"18"[39m
                [33mstroke[39m=[32m"currentColor"[39m
                [33mstroke-width[39m=[32m"2"[39m
                [33mviewBox[39m=[32m"0 0 24 24"[39m
                [33mwidth[39m=[32m"18"[39m
              [36m>[39m
                [36m<circle[39m
                  [33mcx[39m=[32m"12"[39m
                  [33mcy[39m=[32m"12"[39m
                  [33mr[39m=[32m"5"[39m
                [36m/>[39m
                [36m<line[39m
                  [33mx1[39m=[32m"12"[39m
                  [33mx2[39m=[32m"12"[39m
                  [33my1[39m=[32m"1"[39m
                  [33my2[39m=[32m"3"[39m
                [36m/>[39m
                [36m<line[39m
                  [33mx1[39m=[32m"12"[39m
                  [33mx2[39m=[32m"12"[39m
                  [33my1[39m=[32m"21"[39m
                  [33my2[39m=[32m"23"[39m
                [36m/>[39m
                [36m<line[39m
                  [33mx1[39m=[32m"4.22"[39m
                  [33mx2[39m=[32m"5.64"[39m
                  [33my1[39m=[32m"4.22"[39m
                  [33my2[39m=[32m"5.64"[39m
                [36m/>[39m
                [36m<line[39m
                  [33mx1[39m=[32m"18.36"[39m
                  [33mx2[39m=[32m"19.78"[39m
                  [33my1[39m=[32m"18.36"[39m
                  [33my2[39m=[32m"19.78"[39m
                [36m/>[39m
                [36m<line[39m
                  [33mx1[39m=[32m"1"[39m
                  [33mx2[39m=[32m"3"[39m
                  [33my1[39m=[32m"12"[39m
                  [33my2[39m=[32m"12"[39m
                [36m/>[39m
                [36m<line[39m
                  [33mx1[39m=[32m"21"[39m
                  [33mx2[39m=[32m"23"[39m
                  [33my1[39m=[32m"12"[39m
                  [33my2[39m=[32m"12"[39m
                [36m/>[39m
                [36m<line[39m
                  [33mx1[39m=[32m"4.22"[39m
                  [33mx2[39m=[32m"5.64"[39m
                  [33my1[39m=[32m"19.78"[39m
                  [33my2[39m=[32m"18.36"[39m
                [36m/>[39m
                [36m<line[39m
                  [33mx1[39m=[32m"18.36"[39m
                  [33mx2[39m=[32m"19.78"[39m
                  [33my1[39m=[32m"5.64"[39m
                  [33my2[39m=[32m"4.22"[39m
                [36m/>[39m
              [36m</svg>[39m
            [36m</button>[39m
          [36m</div>[39m
          [36m<button[39m
            [33mclass[39m=[32m"topbar-btn"[39m
            [33mtitle[39m=[32m"Tela Cheia"[39m
          [36m>[39m
            [36m<svg[39m
              [33mfill[39m=[32m"none"[39m
              [33mheight[39m=[32m"18"[39m
              [33mstroke[39m=[32m"currentColor"[39m
              [33mstroke-linecap[39m=[32m"round"[39m
              [33mstroke-linejoin[39m=[32m"round"[39m
              [33mstroke-width[39m=[32m"2"[39m
              [33mviewBox[39m=[32m"0 0 24 24"[39m
              [33mwidth[39m=[32m"18"[39m
            [36m>[39m
              [36m<path[39m
                [33md[39m=[32m"M8 3H5a2 2 0 0 0-2 2v3m18 0V5a2 2 0 0 0-2-2h-3m0 18h3a2 2 0 0 0 2-2v-3M3 16v3a2 2 0 
0 0 2 2h3"[39m
              [36m/>[39m
            [36m</svg>[39m
          [36m</button>[39m
        [36m</header>[39m
        [36m<div[39m
          [33mclass[39m=[32m"tab-bar"[39m
        [36m>[39m
          [36m<button[39m
            [33mclass[39m=[32m"tab-item ativo"[39m
          [36m>[39m
            [36m<svg[39m
              [33mfill[39m=[32m"none"[39m
              [33mheight[39m=[32m"18"[39m
              [33mstroke[39m=[32m"currentColor"[39m
              [33mstroke-width[39m=[32m"2"[39m
              [33mviewBox[39m=[32m"0 0 24 24"[39m
              [33mwidth[39m=[32m"18"[39m
            [36m>[39m
              [36m<circle[39m
                [33mcx[39m=[32m"9"[39m
                [33mcy[39m=[32m"21"[39m
                [33mr[39m=[32m"1"[39m
              [36m/>[39m
              [36m<circle[39m
                [33mcx[39m=[32m"20"[39m
                [33mcy[39m=[32m"21"[39m
                [33mr[39m=[32m"1"[39m
              [36m/>[39m
              [36m<path[39m
                [33md[39m=[32m"M1 1h4l2.68 13.39a2 2 0 0 0 2 1.61h9.72a2 2 0 0 0 2-1.61L23 6H6"[39m
              [36m/>[39m
            [36m</svg>[39m
            [0m [0m
            [0mPDV[0m
          [36m</button>[39m
        [36m</div>[39m
        [36m<div[39m
          [33mclass[39m=[32m"pdv-layout"[39m
          [33mstyle[39m=[32m"display: flex; align-items: center; justify-content: center;"[39m
        [36m>[39m
          [36m<div[39m
            [33mclass[39m=[32m"card"[39m
            [33mstyle[39m=[32m"padding: 40px; text-align: center; max-width: 400px; width: 100%;"[39m
          [36m>[39m
            [36m<h2[39m
              [33mstyle[39m=[32m"margin-bottom: 20px; color: var(--accent);"[39m
            [36m>[39m
              [0mCaixa Fechado[0m
            [36m</h2>[39m
            [36m<p[39m
              [33mstyle[39m=[32m"color: var(--text-muted); margin-bottom: 30px;"[39m
            [36m>[39m
              [0mAbra o caixa informando o valor de troco inicial.[0m
            [36m</p>[39m
            [36m<form>[39m
              [36m<label[39m
                [33mstyle[39m=[32m"display: block; text-align: left; margin-bottom: 5px; font-size: 12px;"[39m
              [36m>[39m
                [0mFundo de Troco Inicial (R$)[0m
              [36m</label>[39m
              [36m<input[39m
                [33mclass[39m=[32m"input"[39m
                [33mrequired[39m=[32m""[39m
                [33mstep[39m=[32m"0.01"[39m
                [33mstyle[39m=[32m"margin-bottom: 20px; font-size: 20px; text-align: center;"[39m
                [33mtype[39m=[32m"number"[39m
                [33mvalue[39m=[32m""[39m
              [36m/>[39m
              [36m<button[39m
                [33mclass[39m=[32m"btn-primary"[39m
                [33mstyle[39m=[32m"width: 100%; padding: 15px;"[39m
                [33mtype[39m=[32m"submit"[39m
              [36m>[39m
                [0mABRIR CAIXA[0m
              [36m</button>[39m
            [36m</form>[39m
          [36m</div>[39m
        [36m</div>[39m
      [36m</main>[39m
    [36m</div>[39m
  [36m</div>[39m
[36m</body>[39m

Ignored nodes: comments, script, style
[36m<body>[39m
  [36m<div>[39m
    [36m<div[39m
      [33mclass[39m=[32m"atlas-root "[39m
      [33mstyle[39m=[32m""[39m
    [36m>[39m
      [36m<aside[39m
        [33mclass[39m=[32m"atlas-sidebar "[39m
      [36m>[39m
        [36m<div[39m
          [33mclass[39m=[32m"atlas-logo"[39m
        [36m>[39m
          [36m<div[39m
            [33mclass[39m=[32m"atlas-logo-dot"[39m
          [36m/>[39m
          [0m ATLAS[0m
        [36m</div>[39m
        [36m<nav[39m
          [33mclass[39m=[32m"nav-menu"[39m
        [36m>[39m
          [36m<button[39m
            [33mclass[39m=[32m"nav-item ativo"[39m
          [36m>[39m
            [36m<svg[39m
              [33mfill[39m=[32m"none"[39m
              [33mheight[39m=[32m"18"[39m
              [33mstroke[39m=[32m"currentColor"[39m
              [33mstroke-width[39m=[32m"2"[39m
              [33mviewBox[39m=[32m"0 0 24 24"[39m
              [33mwidth[39m=[32m"18"[39m
            [36m>[39m
              [36m<circle[39m
                [33mcx[39m=[32m"9"[39m
                [33mcy[39m=[32m"21"[39m
                [33mr[39m=[32m"1"[39m
              [36m/>[39m
              [36m<circle[39m
                [33mcx[39m=[32m"20"[39m
                [33mcy[39m=[32m"21"[39m
                [33mr[39m=[32m"1"[39m
              [36m/>[39m
              [36m<path[39m
                [33md[39m=[32m"M1 1h4l2.68 13.39a2 2 0 0 0 2 1.61h9.72a2 2 0 0 0 2-1.61L23 6H6"[39m
              [36m/>[39m
            [36m</svg>[39m
            [0m [0m
            [0mFrente de Caixa[0m
          [36m</button>[39m
          [36m<button[39m
            [33mclass[39m=[32m"nav-item "[39m
          [36m>[39m
            [36m<svg[39m
              [33mfill[39m=[32m"none"[39m
              [33mheight[39m=[32m"18"[39m
              [33mstroke[39m=[32m"currentColor"[39m
              [33mstroke-width[39m=[32m"2"[39m
              [33mviewBox[39m=[32m"0 0 24 24"[39m
              [33mwidth[39m=[32m"18"[39m
            [36m>[39m
              [36m<path[39m
                [33md[39m=[32m"M21 16V8a2 2 0 0 0-1-1.73l-7-4a2 2 0 0 0-2 0l-7 4A2 2 0 0 0 3 8v8a2 2 0 0 0 1 1.73l7 
4a2 2 0 0 0 2 0l7-4A2 2 0 0 0 21 16z"[39m
              [36m/>[39m
            [36m</svg>[39m
            [0m [0m
            [0mEstoque Produtos[0m
          [36m</button>[39m
          [36m<button[39m
            [33mclass[39m=[32m"nav-item "[39m
          [36m>[39m
            [36m<svg[39m
              [33mfill[39m=[32m"none"[39m
              [33mheight[39m=[32m"18"[39m
              [33mstroke[39m=[32m"currentColor"[39m
              [33mstroke-linecap[39m=[32m"round"[39m
              [33mstroke-linejoin[39m=[32m"round"[39m
              [33mstroke-width[39m=[32m"2"[39m
              [33mviewBox[39m=[32m"0 0 24 24"[39m
              [33mwidth[39m=[32m"18"[39m
            [36m>[39m
              [36m<circle[39m
                [33mcx[39m=[32m"6"[39m
                [33mcy[39m=[32m"6"[39m
                [33mr[39m=[32m"3"[39m
              [36m/>[39m
              [36m<circle[39m
                [33mcx[39m=[32m"6"[39m
                [33mcy[39m=[32m"18"[39m
                [33mr[39m=[32m"3"[39m
              [36m/>[39m
              [36m<line[39m
                [33mx1[39m=[32m"20"[39m
                [33mx2[39m=[32m"8.12"[39m
                [33my1[39m=[32m"4"[39m
                [33my2[39m=[32m"15.88"[39m
              [36m/>[39m
              [36m<line[39m
                [33mx1[39m=[32m"14.47"[39m
                [33mx2[39m=[32m"20"[39m
                [33my1[39m=[32m"14.48"[39m
                [33my2[39m=[32m"20"[39m
              [36m/>[39m
              [36m<line[39m
                [33mx1[39m=[32m"8.12"[39m
                [33mx2[39m=[32m"12"[39m
                [33my1[39m=[32m"8.12"[39m
                [33my2[39m=[32m"12"[39m
              [36m/>[39m
            [36m</svg>[39m
            [0m [0m
            [0mIngredientes / Receitas[0m
          [36m</button>[39m
          [36m<button[39m
            [33mclass[39m=[32m"nav-item "[39m
          [36m>[39m
            [36m<svg[39m
              [33mfill[39m=[32m"none"[39m
              [33mheight[39m=[32m"18"[39m
              [33mstroke[39m=[32m"currentColor"[39m
              [33mstroke-width[39m=[32m"2"[39m
              [33mviewBox[39m=[32m"0 0 24 24"[39m
              [33mwidth[39m=[32m"18"[39m
            [36m>[39m
              [36m<path[39m
                [33md[39m=[32m"M17 21v-2a4 4 0 0 0-4-4H5a4 4 0 0 0-4 4v2"[39m
              [36m/>[39m
              [36m<circle[39m
                [33mcx[39m=[32m"9"[39m
                [33mcy[39m=[32m"7"[39m
                [33mr[39m=[32m"4"[39m
              [36m/>[39m
            [36m</svg>[39m
            [0m [0m
            [0mClientes (CRM)[0m
          [36m</button>[39m
          [36m<button[39m
            [33mclass[39m=[32m"nav-item "[39m
          [36m>[39m
            [36m<svg[39m
              [33mfill[39m=[32m"none"[39m
              [33mheight[39m=[32m"18"[39m
              [33mstroke[39m=[32m"currentColor"[39m
              [33mstroke-width[39m=[32m"2"[39m
              [33mviewBox[39m=[32m"0 0 24 24"[39m
              [33mwidth[39m=[32m"18"[39m
            [36m>[39m
              [36m<rect[39m
                [33mheight[39m=[32m"14"[39m
                [33mrx[39m=[32m"2"[39m
                [33mwidth[39m=[32m"20"[39m
                [33mx[39m=[32m"2"[39m
                [33my[39m=[32m"5"[39m
              [36m/>[39m
              [36m<path[39m
                [33md[39m=[32m"M2 10h20"[39m
              [36m/>[39m
            [36m</svg>[39m
            [0m [0m
            [0mFinanceiro[0m
          [36m</button>[39m
          [36m<button[39m
            [33mclass[39m=[32m"nav-item "[39m
          [36m>[39m
            [36m<svg[39m
              [33mfill[39m=[32m"none"[39m
              [33mheight[39m=[32m"18"[39m
              [33mstroke[39m=[32m"currentColor"[39m
              [33mstroke-width[39m=[32m"2"[39m
              [33mviewBox[39m=[32m"0 0 24 24"[39m
              [33mwidth[39m=[32m"18"[39m
            [36m>[39m
              [36m<path[39m
                [33md[39m=[32m"M14 2H6a2 2 0 0 0-2 2v16a2 2 0 0 0 2 2h12a2 2 0 0 0 2-2V8z"[39m
              [36m/>[39m
              [36m<polyline[39m
                [33mpoints[39m=[32m"14 2 14 8 20 8"[39m
              [36m/>[39m
              [36m<line[39m
                [33mx1[39m=[32m"16"[39m
                [33mx2[39m=[32m"8"[39m
                [33my1[39m=[32m"13"[39m
                [33my2[39m=[32m"13"[39m
              [36m/>[39m
              [36m<line[39m
                [33mx1[39m=[32m"16"[39m
                [33mx2[39m=[32m"8"[39m
                [33my1[39m=[32m"17"[39m
                [33my2[39m=[32m"17"[39m
              [36m/>[39m
              [36m<polyline[39m
                [33mpoints[39m=[32m"10 9 9 9 8 9"[39m
              [36m/>[39m
            [36m</svg>[39m
            [0m [0m
            [0mContratos (Mensalistas)[0m
          [36m</button>[39m
          [36m<button[39m
            [33mclass[39m=[32m"nav-item "[39m
          [36m>[39m
            [36m<svg[39m
              [33mfill[39m=[32m"none"[39m
              [33mheight[39m=[32m"18"[39m
              [33mstroke[39m=[32m"currentColor"[39m
              [33mstroke-width[39m=[32m"2"[39m
              [33mviewBox[39m=[32m"0 0 24 24"[39m
              [33mwidth[39m=[32m"18"[39m
            [36m>[39m
              [36m<path[39m
                [33md[39m=[32m"M14 2H6a2 2 0 0 0-2 2v16a2 2 0 0 0 2 2h12a2 2 0 0 0 2-2V8z"[39m
              [36m/>[39m
              [36m<polyline[39m
                [33mpoints[39m=[32m"14 2 14 8 20 8"[39m
              [36m/>[39m
              [36m<line[39m
                [33mx1[39m=[32m"16"[39m
                [33mx2[39m=[32m"8"[39m
                [33my1[39m=[32m"13"[39m
                [33my2[39m=[32m"13"[39m
              [36m/>[39m
              [36m<line[39m
                [33mx1[39m=[32m"16"[39m
                [33mx2[39m=[32m"8"[39m
                [33my1[39m=[32m"17"[39m
                [33my2[39m=[32m"17"[39m
              [36m/>[39m
              [36m<polyline[39m
                [33mpoints[39m=[32m"10 9 9 9 8 9"[39m
              [36m/>[39m
            [36m</svg>[39m
            [0m [0m
            [0mComandas / Mesas[0m
          [36m</button>[39m
          [36m<button[39m
            [33mclass[39m=[32m"nav-item "[39m
          [36m>[39m
            [36m<svg[39m
              [33mfill[39m=[32m"none"[39m
              [33mheight[39m=[32m"14"[39m
              [33mstroke[39m=[32m"currentColor"[39m
              [33mstroke-width[39m=[32m"2"[39m
              [33mviewBox[39m=[32m"0 0 24 24"[39m
              [33mwidth[39m=[32m"14"[39m
            [36m>[39m
              [36m<circle[39m
                [33mcx[39m=[32m"12"[39m
                [33mcy[39m=[32m"12"[39m
                [33mr[39m=[32m"10"[39m
              [36m/>[39m
              [36m<polyline[39m
                [33mpoints[39m=[32m"12 6 12 12 16 14"[39m
              [36m/>[39m
            [36m</svg>[39m
            [0m [0m
            [0mEncomendas de Bolos[0m
          [36m</button>[39m
          [36m<button[39m
            [33mclass[39m=[32m"nav-item "[39m
          [36m>[39m
            [36m<svg[39m
              [33mfill[39m=[32m"none"[39m
              [33mheight[39m=[32m"18"[39m
              [33mstroke[39m=[32m"currentColor"[39m
              [33mstroke-width[39m=[32m"2"[39m
              [33mviewBox[39m=[32m"0 0 24 24"[39m
              [33mwidth[39m=[32m"18"[39m
            [36m>[39m
              [36m<line[39m
                [33mx1[39m=[32m"18"[39m
                [33mx2[39m=[32m"18"[39m
                [33my1[39m=[32m"20"[39m
                [33my2[39m=[32m"10"[39m
              [36m/>[39m
              [36m<line[39m
                [33mx1[39m=[32m"12"[39m
                [33mx2[39m=[32m"12"[39m
                [33my1[39m=[32m"20"[39m
                [33my2[39m=[32m"4"[39m
              [36m/>[39m
              [36m<line[39m
                [33mx1[39m=[32m"6"[39m
                [33mx2[39m=[32m"6"[39m
                [33my1[39m=[32m"20"[39m
                [33my2[39m=[32m"14"[39m
              [36m/>[39m
            [36m</svg>[39m
            [0m [0m
            [0mRelat├│rios (BI)[0m
          [36m</button>[39m
          [36m<button[39m
            [33mclass[39m=[32m"nav-item "[39m
          [36m>[39m
            [36m<svg[39m
              [33mfill[39m=[32m"none"[39m
              [33mheight[39m=[32m"18"[39m
              [33mstroke[39m=[32m"currentColor"[39m
              [33mstroke-width[39m=[32m"2"[39m
              [33mviewBox[39m=[32m"0 0 24 24"[39m
              [33mwidth[39m=[32m"18"[39m
            [36m>[39m
              [36m<circle[39m
                [33mcx[39m=[32m"12"[39m
                [33mcy[39m=[32m"12"[39m
                [33mr[39m=[32m"3"[39m
              [36m/>[39m
              [36m<path[39m
                [33md[39m=[32m"M19.4 15a1.65 1.65 0 0 0 .33 1.82l.06.06a2 2 0 0 1 0 2.83 2 2 0 0 1-2.83 
0l-.06-.06a1.65 1.65 0 0 0-1.82-.33 1.65 1.65 0 0 0-1 1.51V21a2 2 0 0 1-2 2 2 2 0 0 1-2-2v-.09A1.65 1.65 0 0 0 9 
19.4a1.65 1.65 0 0 0-1.82.33l-.06.06a2 2 0 0 1-2.83 0 2 2 0 0 1 0-2.83l.06-.06a1.65 1.65 0 0 0 .33-1.82 1.65 1.65 0 0 
0-1.51-1H3a2 2 0 0 1-2-2 2 2 0 0 1 2-2h.09A1.65 1.65 0 0 0 4.6 9a1.65 1.65 0 0 0-.33-1.82l-.06-.06a2 2 0 0 1 0-2.83 2 
2 0 0 1 2.83 0l.06.06a1.65 1.65 0 0 0 1.82.33H9a1.65 1.65 0 0 0 1-1.51V3a2 2 0 0 1 2-2 2 2 0 0 1 2 2v.09a1.65 1.65 0 0 
0 1 1.51 1.65 1.65 0 0 0 1.82-.33l.06-.06a2 2 0 0 1 2.83 0 2 2 0 0 1 0 2.83l-.06.06a1.65 1.65 0 0 0-.33 1.82V9a1.65 
1.65 0 0 0 1.51 1H21a2 2 0 0 1 2 2 2 2 0 0 1-2 2h-.09a1.65 1.65 0 0 0-1.51 1z"[39m
              [36m/>[39m
            [36m</svg>[39m
            [0m [0m
            [0mConfigura├º├Áes[0m
          [36m</button>[39m
        [36m</nav>[39m
      [36m</aside>[39m
      [36m<main[39m
        [33mclass[39m=[32m"atlas-main"[39m
      [36m>[39m
        [36m<header[39m
          [33mclass[39m=[32m"topbar"[39m
        [36m>[39m
          [36m<div[39m
            [33mstyle[39m=[32m"display: flex; gap: 10px;"[39m
          [36m>[39m
            [36m<button[39m
              [33mclass[39m=[32m"topbar-btn"[39m
              [33mtitle[39m=[32m"Menu"[39m
            [36m>[39m
              [36m<svg[39m
                [33mfill[39m=[32m"none"[39m
                [33mheight[39m=[32m"20"[39m
                [33mstroke[39m=[32m"currentColor"[39m
                [33mstroke-linecap[39m=[32m"round"[39m
                [33mstroke-linejoin[39m=[32m"round"[39m
                [33mstroke-width[39m=[32m"2"[39m
                [33mviewBox[39m=[32m"0 0 24 24"[39m
                [33mwidth[39m=[32m"20"[39m
              [36m>[39m
                [36m<line[39m
                  [33mx1[39m=[32m"3"[39m
                  [33mx2[39m=[32m"21"[39m
                  [33my1[39m=[32m"12"[39m
                  [33my2[39m=[32m"12"[39m
                [36m/>[39m
                [36m<line[39m
                  [33mx1[39m=[32m"3"[39m
                  [33mx2[39m=[32m"21"[39m
                  [33my1[39m=[32m"6"[39m
                  [33my2[39m=[32m"6"[39m
                [36m/>[39m
                [36m<line[39m
                  [33mx1[39m=[32m"3"[39m
                  [33mx2[39m=[32m"21"[39m
                  [33my1[39m=[32m"18"[39m
                  [33my2[39m=[32m"18"[39m
                [36m/>[39m
              [36m</svg>[39m
            [36m</button>[39m
            [36m<button[39m
              [33mclass[39m=[32m"topbar-btn"[39m
              [33mtitle[39m=[32m"Mudar para tema claro"[39m
            [36m>[39m
              [36m<svg[39m
                [33mfill[39m=[32m"none"[39m
                [33mheight[39m=[32m"18"[39m
                [33mstroke[39m=[32m"currentColor"[39m
                [33mstroke-width[39m=[32m"2"[39m
                [33mviewBox[39m=[32m"0 0 24 24"[39m
                [33mwidth[39m=[32m"18"[39m
              [36m>[39m
                [36m<circle[39m
                  [33mcx[39m=[32m"12"[39m
                  [33mcy[39m=[32m"12"[39m
                  [33mr[39m=[32m"5"[39m
                [36m/>[39m
                [36m<line[39m
                  [33mx1[39m=[32m"12"[39m
                  [33mx2[39m=[32m"12"[39m
                  [33my1[39m=[32m"1"[39m
                  [33my2[39m=[32m"3"[39m
                [36m/>[39m
                [36m<line[39m
                  [33mx1[39m=[32m"12"[39m
                  [33mx2[39m=[32m"12"[39m
                  [33my1[39m=[32m"21"[39m
                  [33my2[39m=[32m"23"[39m
                [36m/>[39m
                [36m<line[39m
                  [33mx1[39m=[32m"4.22"[39m
                  [33mx2[39m=[32m"5.64"[39m
                  [33my1[39m=[32m"4.22"[39m
                  [33my2[39m=[32m"5.64"[39m
                [36m/>[39m
                [36m<line[39m
                  [33mx1[39m=[32m"18.36"[39m
                  [33mx2[39m=[32m"19.78"[39m
                  [33my1[39m=[32m"18.36"[39m
                  [33my2[39m=[32m"19.78"[39m
                [36m/>[39m
                [36m<line[39m
                  [33mx1[39m=[32m"1"[39m
                  [33mx2[39m=[32m"3"[39m
                  [33my1[39m=[32m"12"[39m
                  [33my2[39m=[32m"12"[39m
                [36m/>[39m
                [36m<line[39m
                  [33mx1[39m=[32m"21"[39m
                  [33mx2[39m=[32m"23"[39m
                  [33my1[39m=[32m"12"[39m
                  [33my2[39m=[32m"12"[39m
                [36m/>[39m
                [36m<line[39m
                  [33mx1[39m=[32m"4.22"[39m
                  [33mx2[39m=[32m"5.64"[39m
                  [33my1[39m=[32m"19.78"[39m
                  [33my2[39m=[32m"18.36"[39m
                [36m/>[39m
                [36m<line[39m
                  [33mx1[39m=[32m"18.36"[39m
                  [33mx2[39m=[32m"19.78"[39m
                  [33my1[39m=[32m"5.64"[39m
                  [33my2[39m=[32m"4.22"[39m
                [36m/>[39m
              [36m</svg>[39m
            [36m</button>[39m
          [36m</div>[39m
          [36m<button[39m
            [33mclass[39m=[32m"topbar-btn"[39m
            [33mtitle[39m=[32m"Tela Cheia"[39m
          [36m>[39m
            [36m<svg[39m
              [33mfill[39m=[32m"none"[39m
              [33mheight[39m=[32m"18"[39m
              [33mstroke[39m=[32m"currentColor"[39m
              [33mstroke-linecap[39m=[32m"round"[39m
              [33mstroke-linejoin[39m=[32m"round"[39m
              [33mstroke-width[39m=[32m"2"[39m
              [33mviewBox[39m=[32m"0 0 24 24"[39m
              [33mwidth[39m=[32m"18"[39m
            [36m>[39m
              [36m<path[39m
                [33md[39m=[32m"M8 3H5a2 2 0 0 0-2 2v3m18 0V5a2 2 0 0 0-2-2h-3m0 18h3a2 2 0 0 0 2-2v-3M3 16v3a2 2 0 
0 0 2 2h3"[39m
              [36m/>[39m
            [36m</svg>[39m
          [36m</button>[39m
        [36m</header>[39m
        [36m<div[39m
          [33mclass[39m=[32m"tab-bar"[39m
        [36m>[39m
          [36m<button[39m
            [33mclass[39m=[32m"tab-item ativo"[39m
          [36m>[39m
            [36m<svg[39m
              [33mfill[39m=[32m"none"[39m
              [33mheight[39m=[32m"18"[39m
              [33mstroke[39m=[32m"currentColor"[39m
              [33mstroke-width[39m=[32m"2"[39m
              [33mviewBox[39m=[32m"0 0 24 24"[39m
              [33mwidth[39m=[32m"18"[39m
            [36m>[39m
              [36m<circle[39m
                [33mcx[39m=[32m"9"[39m
                [33mcy[39m=[32m"21"[39m
                [33mr[39m=[32m"1"[39m
              [36m/>[39m
              [36m<circle[39m
                [33mcx[39m=[32m"20"[39m
                [33mcy[39m=[32m"21"[39m
                [33mr[39m=[32m"1"[39m
              [36m/>[39m
              [36m<path[39m
                [33md[39m=[32m"M1 1h4l2.68 13.39a2 2 0 0 0 2 1.61h9.72a2 2 0 0 0 2-1.61L23 6H6"[39m
              [36m/>[39m
            [36m</svg>[39m
            [0m [0m
            [0mPDV[0m
          [36m</button>[39m
        [36m</div>[39m
        [36m<div[39m
          [33mclass[39m=[32m"pdv-layout"[39m
          [33mstyle[39m=[32m"display: flex; align-items: center; justify-content: center;"[39m
        [36m>[39m
          [36m<div[39m
            [33mclass[39m=[32m"card"[39m
            [33mstyle[39m=[32m"padding: 40px; text-align: center; max-width: 400px; width: 100%;"[39m
          [36m>[39m
            [36m<h2[39m
              [33mstyle[39m=[32m"margin-bottom: 20px; color: var(--accent);"[39m
            [36m>[39m
              [0mCaixa Fechado[0m
            [36m</h2>[39m
            [36m<p[39m
              [33mstyle[39m=[32m"color: var(--text-muted); margin-bottom: 30px;"[39m
            [36m>[39m
              [0mAbra o caixa informando o valor de troco inicial.[0m
            [36m</p>[39m
            [36m<form>[39m
              [36m<label[39m
                [33mstyle[39m=[32m"display: block; text-align: left; margin-bottom: 5px; font-size: 12px;"[39m
              [36m>[39m
                [0mFundo de Troco Inicial (R$)[0m
              [36m</label>[39m
              [36m<input[39m
                [33mclass[39m=[32m"input"[39m
                [33mrequired[39m=[32m""[39m
                [33mstep[39m=[32m"0.01"[39m
                [33mstyle[39m=[32m"margin-bottom: 20px; font-size: 20px; text-align: center;"[39m
                [33mtype[39m=[32m"number"[39m
                [33mvalue[39m=[32m""[39m
              [36m/>[39m
              [36m<button[39m
                [33mclass[39m=[32m"btn-primary"[39m
                [33mstyle[39m=[32m"width: 100%; padding: 15px;"[39m
                [33mtype[39m=[32m"submit"[39m
              [36m>[39m
                [0mABRIR CAIXA[0m
              [36m</button>[39m
            [36m</form>[39m
          [36m</div>[39m
        [36m</div>[39m
      [36m</main>[39m
    [36m</div>[39m
  [36m</div>[39m
[36m</body>[39m
[90m [2mÔØ»[22m waitForWrapper node_modules/@testing-library/dom/dist/wait-for.js:[2m163:27[22m[39m
[90m [2mÔØ»[22m node_modules/@testing-library/dom/dist/query-helpers.js:[2m86:33[22m[39m
[36m [2mÔØ»[22m src/renderer/src/App.test.jsx:[2m44:25[22m[39m
    [90m 42|[39m     fireEvent[33m.[39m[34mclick[39m(screen[33m.[39m[34mgetByText[39m([32m'ABRIR 
CAIXA'[39m))
    [90m 43|[39m
    [90m 44|[39m     [34mexpect[39m([35mawait[39m screen[33m.[39m[34mfindByText[39m([36m/P├úo com 
Ovo/i[39m))[33m.[39m[34mtoBeInTheDocument[39m()
    [90m   |[39m                         [31m^[39m
    [90m 45|[39m
    [90m 46|[39m     fireEvent[33m.[39m[34mclick[39m(screen[33m.[39m[34mgetByText[39m([36m/P├úo com 
Ovo/i[39m))

[31m[2mÔÄ»ÔÄ»ÔÄ»ÔÄ»ÔÄ»ÔÄ»ÔÄ»ÔÄ»ÔÄ»ÔÄ»ÔÄ»ÔÄ»ÔÄ»ÔÄ»ÔÄ»ÔÄ»ÔÄ»ÔÄ»ÔÄ»ÔÄ»ÔÄ»ÔÄ»ÔÄ»ÔÄ»[2/3]ÔÄ»[22m[39m

[41m[1m FAIL [22m[49m src/renderer/src/App.test.jsx[2m > [22mPadaria Tio Irineu - App Principal[2m > [22mdeve 
chamar o backend ao confirmar Fornada
[31m[1mAssertionError[22m[39m: expected "lancarFornada" to be called with arguments: [ ObjectContaining{ÔÇª} ][90m

Number of calls: [1m0[22m
[39m

Ignored nodes: comments, script, style
[36m<html>[39m
  [36m<head />[39m
  [36m<body>[39m
    [36m<div>[39m
      [36m<div[39m
        [33mclass[39m=[32m"atlas-root "[39m
        [33mstyle[39m=[32m""[39m
      [36m>[39m
        [36m<aside[39m
          [33mclass[39m=[32m"atlas-sidebar "[39m
        [36m>[39m
          [36m<div[39m
            [33mclass[39m=[32m"atlas-logo"[39m
          [36m>[39m
            [36m<div[39m
              [33mclass[39m=[32m"atlas-logo-dot"[39m
            [36m/>[39m
            [0m ATLAS[0m
          [36m</div>[39m
          [36m<nav[39m
            [33mclass[39m=[32m"nav-menu"[39m
          [36m>[39m
            [36m<button[39m
              [33mclass[39m=[32m"nav-item "[39m
            [36m>[39m
              [36m<svg[39m
                [33mfill[39m=[32m"none"[39m
                [33mheight[39m=[32m"18"[39m
                [33mstroke[39m=[32m"currentColor"[39m
                [33mstroke-width[39m=[32m"2"[39m
                [33mviewBox[39m=[32m"0 0 24 24"[39m
                [33mwidth[39m=[32m"18"[39m
              [36m>[39m
                [36m<circle[39m
                  [33mcx[39m=[32m"9"[39m
                  [33mcy[39m=[32m"21"[39m
                  [33mr[39m=[32m"1"[39m
                [36m/>[39m
                [36m<circle[39m
                  [33mcx[39m=[32m"20"[39m
                  [33mcy[39m=[32m"21"[39m
                  [33mr[39m=[32m"1"[39m
                [36m/>[39m
                [36m<path[39m
                  [33md[39m=[32m"M1 1h4l2.68 13.39a2 2 0 0 0 2 1.61h9.72a2 2 0 0 0 2-1.61L23 6H6"[39m
                [36m/>[39m
              [36m</svg>[39m
              [0m [0m
              [0mFrente de Caixa[0m
            [36m</button>[39m
            [36m<button[39m
              [33mclass[39m=[32m"nav-item ativo"[39m
            [36m>[39m
              [36m<svg[39m
                [33mfill[39m=[32m"none"[39m
                [33mheight[39m=[32m"18"[39m
                [33mstroke[39m=[32m"currentColor"[39m
                [33mstroke-width[39m=[32m"2"[39m
                [33mviewBox[39m=[32m"0 0 24 24"[39m
                [33mwidth[39m=[32m"18"[39m
              [36m>[39m
                [36m<path[39m
                  [33md[39m=[32m"M21 16V8a2 2 0 0 0-1-1.73l-7-4a2 2 0 0 0-2 0l-7 4A2 2 0 0 0 3 8v8a2 2 0 0 0 1 
1.73l7 4a2 2 0 0 0 2 0l7-4A2 2 0 0 0 21 16z"[39m
                [36m/>[39m
              [36m</svg>[39m
              [0m [0m
              [0mEstoque Produtos[0m

            [36m</button>[39m
            [36m<button[39m
              [33mclass[39m=[32m"nav-item "[39m
            [36m>[39m
              [36m<svg[39m
                [33mfill[39m=[32m"none"[39m
                [33mheight[39m=[32m"18"[39m
                [33mstroke[39m=[32m"currentColor"[39m
                [33mstroke-linecap[39m=[32m"round"[39m
                [33mstroke-linejoin[39m=[32m"round"[39m
                [33mstroke-width[39m=[32m"2"[39m
                [33mviewBox[39m=[32m"0 0 24 24"[39m
                [33mwidth[39m=[32m"18"[39m
              [36m>[39m
                [36m<circle[39m
                  [33mcx[39m=[32m"6"[39m
                  [33mcy[39m=[32m"6"[39m
                  [33mr[39m=[32m"3"[39m
                [36m/>[39m
                [36m<circle[39m
                  [33mcx[39m=[32m"6"[39m
                  [33mcy[39m=[32m"18"[39m
                  [33mr[39m=[32m"3"[39m
                [36m/>[39m
[2m Test Files [22m [1m[31m1 failed[39m[22m[90m (1)[39m
[2m      Tests [22m [1m[31m3 failed[39m[22m[2m | [22m[1m[32m1 passed[39m[22m[90m (4)[39m
[2m   Start at [22m 21:48:49
[2m   Duration [22m 9.81s[2m (transform 977ms, setup 227ms, import 1.70s, tests 4.98s, environment 2.58s)[22m

                [36m<line[39m
                  [33mx1[39m=[32m"20"[39m
                  [33mx2[39m=[32m"8.12"[39m
                  [33my1[39m=[32m"4"[39m
                  [33my2[39m=[32m"15.88"[39m
                [36m/>[39m
                [36m<line[39m
                  [33mx1[39m=[32m"14.47"[39m
                  [33mx2[39m=[32m"20"[39m
                  [33my1[39m=[32m"14.48"[39m
                  [33my2[39m=[32m"20"[39m
                [36m/>[39m
                [36m<line[39m
                  [33mx1[39m=[32m"8.12"[39m
                  [33mx2[39m=[32m"12"[39m
                  [33my1[39m=[32m"8.12"[39m
                  [33my2[39m=[32m"12"[39m
                [36m/>[39m
              [36m</svg>[39m
              [0m [0m
              [0mIngredientes / Receitas[0m
            [36m</button>[39m
            [36m<button[39m
              [33mclass[39m=[32m"nav-item "[39m
            [36m>[39m
              [36m<svg[39m
                [33mfill[39m=[32m"none"[39m
                [33mheight[39m=[32m"18"[39m
                [33mstroke[39m=[32m"currentColor"[39m
                [33mstroke-width[39m=[32m"2"[39m
                [33mviewBox[39m=[32m"0 0 24 24"[39m
                [33mwidth[39m=[32m"18"[39m
              [36m>[39m
                [36m<path[39m
                  [33md[39m=[32m"M17 21v-2a4 4 0 0 0-4-4H5a4 4 0 0 0-4 4v2"[39m
                [36m/>[39m
                [36m<circle[39m
                  [33mcx[39m=[32m"9"[39m
                  [33mcy[39m=[32m"7"[39m
                  [33mr[39m=[32m"4"[39m
                [36m/>[39m
              [36m</svg>[39m
              [0m [0m
              [0mClientes (CRM)[0m
            [36m</button>[39m
            [36m<button[39m
              [33mclass[39m=[32m"nav-item "[39m
            [36m>[39m
              [36m<svg[39m
                [33mfill[39m=[32m"none"[39m
                [33mheight[39m=[32m"18"[39m
                [33mstroke[39m=[32m"currentColor"[39m
                [33mstroke-width[39m=[32m"2"[39m
                [33mviewBox[39m=[32m"0 0 24 24"[39m
                [33mwidth[39m=[32m"18"[39m
              [36m>[39m
                [36m<rect[39m
                  [33mheight[39m=[32m"14"[39m
                  [33mrx[39m=[32m"2"[39m
                  [33mwidth[39m=[32m"20"[39m
                  [33mx[39m=[32m"2"[39m
                  [33my[39m=[32m"5"[39m
                [36m/>[39m
                [36m<path[39m
                  [33md[39m=[32m"M2 10h20"[39m
                [36m/>[39m
              [36m</svg>[39m
              [0m [0m
              [0mFinanceiro[0m
            [36m</button>[39m
            [36m<button[39m
              [33mclass[39m=[32m"nav-item "[39m
            [36m>[39m
              [36m<svg[39m
                [33mfill[39m=[32m"none"[39m
                [33mheight[39m=[32m"18"[39m
                [33mstroke[39m=[32m"currentColor"[39m
                [33mstroke-width[39m=[32m"2"[39m
                [33mviewBox[39m=[32m"0 0 24 24"[39m
                [33mwidth[39m=[32m"18"[39m
              [36m>[39m
                [36m<path[39m
                  [33md[39m=[32m"M14 2H6a2 2 0 0 0-...
[36m [2mÔØ»[22m src/renderer/src/App.test.jsx:[2m86:26[22m[39m
    [90m 84|[39m
    [90m 85|[39m     [35mawait[39m [34mwaitFor[39m(() [33m=>[39m {
    [90m 86|[39m       
[34mexpect[39m(fornadaSpy)[33m.[39m[34mtoHaveBeenCalledWith[39m(expect[33m.[39m[34mobjectContaining[39m({
    [90m   |[39m                          [31m^[39m
    [90m 87|[39m         origemId[33m:[39m [32m'id_massa'[39m[33m,[39m
    [90m 88|[39m         destinoId[33m:[39m [32m'id_pao_assado'[39m[33m,[39m
[90m [2mÔØ»[22m runWithExpensiveErrorDiagnosticsDisabled 
node_modules/@testing-library/dom/dist/config.js:[2m47:12[22m[39m
[90m [2mÔØ»[22m checkCallback node_modules/@testing-library/dom/dist/wait-for.js:[2m124:77[22m[39m
[90m [2mÔØ»[22m Timeout.checkRealTimersCallback 
node_modules/@testing-library/dom/dist/wait-for.js:[2m118:16[22m[39m

[31m[2mÔÄ»ÔÄ»ÔÄ»ÔÄ»ÔÄ»ÔÄ»ÔÄ»ÔÄ»ÔÄ»ÔÄ»ÔÄ»ÔÄ»ÔÄ»ÔÄ»ÔÄ»ÔÄ»ÔÄ»ÔÄ»ÔÄ»ÔÄ»ÔÄ»ÔÄ»ÔÄ»ÔÄ»[3/3]ÔÄ»[22m[39m

